// 同步 ID: 27adcda0 @ Wed Jul 15 17:36:28 UTC 2026
// 同步 ID: a2d63f8d @ Thu Jul 16 07:04:50 UTC 2026
// 重构日志: 7d15d83b
// 同步 ID: 171aef7d @ Fri Jul 17 00:29:09 UTC 2026
// 重构日志: a6c5c8bd
// 重构日志: 7a34f054
// 重构日志: 5cdfc3b0
// 重构日志: dbaf2db0
// 重构日志: 4a3d6445
// 同步 ID: 7f6a4f06 @ Thu Jul 23 10:53:28 UTC 2026
// 同步 ID: c3e42bf6 @ Sat Jul 25 15:45:57 UTC 2026
// 重构日志: 657c8f32
// 同步 ID: 32c8c813 @ Mon Jul 27 18:12:33 UTC 2026
// 重构日志: ba5830fd
// 重构日志: 6a8ae4b6
// 重构日志: 6649eac9
// 重构日志: cf712770
// 重构日志: ef1e90bb
// 同步 ID: 1ff7d76d @ Fri Jul 31 13:30:19 UTC 2026
// 同步 ID: 0bdb7d73 @ Fri Jul 31 23:42:56 UTC 2026
// 重构日志: a66fc8fa
// 重构日志: 68599359
// 重构日志: 749be5d4
// 重构日志: f8f3c3d2
// 重构日志: 763db14a
// 重构日志: d2b8b92a
// 重构日志: 947a2140
// 重构日志: 7c3acc3a
// 同步 ID: a6ba892f @ Fri Aug  7 10:40:37 UTC 2026
// 同步 ID: 93e1a067 @ Fri Aug  7 21:27:52 UTC 2026
// 重构日志: 64968abd
// 重构日志: dbdc8937
// 重构日志: 12d09409
